__mtr_shutdown_mtr              = $8016 ; addr, local, , mtr-control, code, mtr-control.asm:15
__mtr_init_clear_ctx_byte       = $8032 ; addr, local, , mtr-control, code, mtr-control.asm:41
__mtr_print_hex_low             = $0000 ; addr, local, , mtr-util-print, , mtr-util-print.asm:5
__mtr_print_hex_low_char        = $000C ; addr, local, , mtr-util-print, , mtr-util-print.asm:12
__mtr_print_string_next_char    = $0026 ; addr, local, , mtr-util-print, , mtr-util-print.asm:40
__mtr_print_string_done         = $0030 ; addr, local, , mtr-util-print, , mtr-util-print.asm:49
__mtr_skip_string_done          = $004A ; addr, local, , mtr-util-print, , mtr-util-print.asm:84
__mtr_save_regs_after_de        = $0052 ; addr, local, , mtr-util-regs, , mtr-util-regs.asm:41
__mtr_save_all_regs_at          = $0075 ; addr, local, , mtr-util-regs, , mtr-util-regs.asm:71
__mtr_restore_all_regs_from     = $00B3 ; addr, local, , mtr-util-regs, , mtr-util-regs.asm:153
__mtr_tasks_ctr                 = $9000 ; addr, public, , a-task-ctx, data, a-task-ctx.asm:6
__mtr_active_tasks_ctr          = $9002 ; addr, public, , a-task-ctx, data, a-task-ctx.asm:9
__mtr_current_task_ctx          = $9004 ; addr, public, , a-task-ctx, data, a-task-ctx.asm:12
__mtr_task_ctx_start            = $9006 ; addr, public, , a-task-ctx, data, a-task-ctx.asm:15
__mtr_task_ctx_end              = $9008 ; addr, public, , a-task-ctx, data, a-task-ctx.asm:18
__mtr_flags                     = $900A ; addr, public, , mtr-control, data, mtr-control.asm:7
__mtr_shutdown                  = $900B ; addr, public, , mtr-control, data, mtr-control.asm:10
__mtr_init                      = $8019 ; addr, public, , mtr-control, code, mtr-control.asm:24
__mtr_print_hex                 = $0012 ; addr, public, , mtr-util-print, , mtr-util-print.asm:21
__mtr_print_string              = $0023 ; addr, public, , mtr-util-print, , mtr-util-print.asm:38
__mtr_print_str                 = $0035 ; addr, public, , mtr-util-print, , mtr-util-print.asm:56
__mtr_print_chr                 = $003B ; addr, public, , mtr-util-print, , mtr-util-print.asm:65
__mtr_skip_string               = $0043 ; addr, public, , mtr-util-print, , mtr-util-print.asm:78
__mtr_save_all_regs             = $004C ; addr, public, , mtr-util-regs, , mtr-util-regs.asm:18
__mtr_save_regs                 = $0050 ; addr, public, , mtr-util-regs, , mtr-util-regs.asm:38
__mtr_restore_all_regs          = $008A ; addr, public, , mtr-util-regs, , mtr-util-regs.asm:103
__mtr_restore_regs              = $0090 ; addr, public, , mtr-util-regs, , mtr-util-regs.asm:124
__head                          = $0000 ; const, public, def, , ,
__tail                          = $900D ; const, public, def, , ,
__size                          = $900D ; const, public, def, , ,
__code_head                     = $8000 ; const, public, def, , ,
__code_tail                     = $8045 ; const, public, def, , ,
__code_size                     = $0045 ; const, public, def, , ,
__data_head                     = $9000 ; const, public, def, , ,
__data_tail                     = $900D ; const, public, def, , ,
__data_size                     = $000D ; const, public, def, , ,
