print-char.asm:
     1                          #include "mtr-util-print.inc"
../../../../include/mtr-util-print.inc:
     1                          #ifndef _MTR_UTILS_PRINT_INC_
     2                          #define _MTR_UTILS_PRINT_INC_
     3                          
     4                          ;;;;;;;;;;;;;;;;;;;;;;;;;;;;;;;;;;;;;;;;;;;;;;;;;;;;;;;;;;
     5                          ; Prints two-digit hex number
     6                          ; [in] A : number to print
     7                          ; All registers but AF are preserved.
     8                          ; Returns no errors or checks.
     9                          ;;;;;;;;;;;;;;;;;;;;;;;;;;;;;;;;;;;;;;;;;;;;;;;;;;;;;;;;;;
    10                          GLOBAL __mtr_print_hex
    11                          #define mtr_print_hex __mtr_print_hex
    12                          
    13                          ;;;;;;;;;;;;;;;;;;;;;;;;;;;;;;;;;;;;;;;;;;;;;;;;;;;;;;;;;;
    14                          ; Prints zero terminated string
    15                          ; [in] HL string start
    16                          ; [out] HL points to the next byte after string zero byte
    17                          ; All other registers are preserved.
    18                          ; Returns no errors or checks.
    19                          ;;;;;;;;;;;;;;;;;;;;;;;;;;;;;;;;;;;;;;;;;;;;;;;;;;;;;;;;;;
    20                          GLOBAL __mtr_print_string
    21                          #define mtr_print_string __mtr_print_string
    22                          
    23                          ;;;;;;;;;;;;;;;;;;;;;;;;;;;;;;;;;;;;;;;;;;;;;;;;;;;;;;;;;;
    24                          ; Prints zero terminated string from location immediately
    25                          ; following CALL instruction that invoked this function.
    26                          ; The execution continues from the  address following the
    27                          ; zero byte of the string.
    28                          ; All registers but HL are preserved.
    29                          ; Returns no errors or checks.
    30                          ;;;;;;;;;;;;;;;;;;;;;;;;;;;;;;;;;;;;;;;;;;;;;;;;;;;;;;;;;;
    31                          GLOBAL __mtr_print_str
    32                          #define mtr_print_str __mtr_print_str
    33                          
    34                          ;;;;;;;;;;;;;;;;;;;;;;;;;;;;;;;;;;;;;;;;;;;;;;;;;;;;;;;;;;
    35                          ; Prints character.
    36                          ; [in] A : character to print
    37                          ; All registers are preserved.
    38                          ;;;;;;;;;;;;;;;;;;;;;;;;;;;;;;;;;;;;;;;;;;;;;;;;;;;;;;;;;;
    39                          GLOBAL __mtr_print_chr
    40                          #define mtr_print_chr __mtr_print_chr
    41                          
    42                          ;;;;;;;;;;;;;;;;;;;;;;;;;;;;;;;;;;;;;;;;;;;;;;;;;;;;;;;;;;
    43                          ; Skips zero terminated string
    44                          ; [in] HL string start
    45                          ; [out] HL points to the next byte after string zero byte
    46                          ; All other registers are preserved.
    47                          ;;;;;;;;;;;;;;;;;;;;;;;;;;;;;;;;;;;;;;;;;;;;;;;;;;;;;;;;;;
    48                          GLOBAL __mtr_skip_string
    49                          #define mtr_skip_string __mtr_skip_string
    50                          
    51                          #endif
    52                          
print-char.asm:
     2                          
     3                          ORG 0x8000
     4                          
     5                          SECTION code
     6                          
     7  0000  e5                PUSH HL
     8  0001  f5                PUSH AF
     9  0002  cd0000            CALL __mtr_print_str
    10  0005  6d7920737472696e  defb "my string", 13, 0
              670d00            
    11  0010  f1                POP AF
    12  0011  e1                POP HL
    13  0012  c9                RET
    14                          
    15                          SECTION data
    16                          __mtr_tasks_ctr:
    17  0000  0000                defw 0
    18                          
    19                          __mtr_active_tasks_ctr:
    20  0002  0000                defw 0
    21                          
    22                          __mtr_current_task_ctx:
    23  0004  0000                defw 0
    24                          
    25                          __mtr_task_ctx_start:
    26  0006  0000                defw 0
    27                          
    28                          __mtr_task_ctx_end:
    29  0008  0000                defw 0
    30                          
