__mtr_tasks_ctr                 = $8013 ; addr, local, , print-char, data, print-char.asm:16
__mtr_active_tasks_ctr          = $8015 ; addr, local, , print-char, data, print-char.asm:19
__mtr_current_task_ctx          = $8017 ; addr, local, , print-char, data, print-char.asm:22
__mtr_task_ctx_start            = $8019 ; addr, local, , print-char, data, print-char.asm:25
__mtr_task_ctx_end              = $801B ; addr, local, , print-char, data, print-char.asm:28
__mtr_print_hex_low             = $801D ; addr, local, , mtr-util-print, mtr_code, mtr-util-print.asm:7
__mtr_print_hex_low_char        = $8029 ; addr, local, , mtr-util-print, mtr_code, mtr-util-print.asm:14
__mtr_print_string_next_char    = $8043 ; addr, local, , mtr-util-print, mtr_code, mtr-util-print.asm:42
__mtr_print_string_done         = $804D ; addr, local, , mtr-util-print, mtr_code, mtr-util-print.asm:51
__mtr_skip_string_done          = $8067 ; addr, local, , mtr-util-print, mtr_code, mtr-util-print.asm:86
__mtr_save_regs_after_de        = $806F ; addr, local, , mtr-util-regs, mtr_code, mtr-util-regs.asm:43
__mtr_save_all_regs_at          = $8092 ; addr, local, , mtr-util-regs, mtr_code, mtr-util-regs.asm:73
__mtr_restore_all_regs_from     = $80D0 ; addr, local, , mtr-util-regs, mtr_code, mtr-util-regs.asm:155
__mtr_print_hex                 = $802F ; addr, public, , mtr-util-print, mtr_code, mtr-util-print.asm:23
__mtr_print_string              = $8040 ; addr, public, , mtr-util-print, mtr_code, mtr-util-print.asm:40
__mtr_print_str                 = $8052 ; addr, public, , mtr-util-print, mtr_code, mtr-util-print.asm:58
__mtr_print_chr                 = $8058 ; addr, public, , mtr-util-print, mtr_code, mtr-util-print.asm:67
__mtr_skip_string               = $8060 ; addr, public, , mtr-util-print, mtr_code, mtr-util-print.asm:80
__mtr_save_all_regs             = $8069 ; addr, public, , mtr-util-regs, mtr_code, mtr-util-regs.asm:20
__mtr_save_regs                 = $806D ; addr, public, , mtr-util-regs, mtr_code, mtr-util-regs.asm:40
__mtr_restore_all_regs          = $80A7 ; addr, public, , mtr-util-regs, mtr_code, mtr-util-regs.asm:105
__mtr_restore_regs              = $80AD ; addr, public, , mtr-util-regs, mtr_code, mtr-util-regs.asm:126
__head                          = $8000 ; const, public, def, , ,
__tail                          = $80E3 ; const, public, def, , ,
__size                          = $00E3 ; const, public, def, , ,
__code_head                     = $8000 ; const, public, def, , ,
__code_tail                     = $8013 ; const, public, def, , ,
__code_size                     = $0013 ; const, public, def, , ,
__data_head                     = $8013 ; const, public, def, , ,
__data_tail                     = $801D ; const, public, def, , ,
__data_size                     = $000A ; const, public, def, , ,
__mtr_code_head                 = $801D ; const, public, def, , ,
__mtr_code_tail                 = $80E3 ; const, public, def, , ,
__mtr_code_size                 = $00C6 ; const, public, def, , ,
